             VMA              LMA     Size Align Out     In      Symbol
             270              270       98     4 .note.android.ident
             270              270       98     4         /Users/jonaseveraert/Library/Android/sdk/ndk/25.1.8937393/toolchains/llvm/prebuilt/darwin-x86_64/bin/../sysroot/usr/lib/aarch64-linux-android/33/crtbegin_so.o:(.note.android.ident)
             270              270       98     1                 note_android_ident
             270              270        0     1                 $d.0
             27c              27c        0     1                 note_name
             284              284        0     1                 note_data
             288              288        0     1                 ndk_version
             2c8              2c8        0     1                 ndk_build_number
             308              308        0     1                 note_end
             308              308      b40     8 .dynsym
             308              308      b40     8         <internal>:(.dynsym)
             e48              e48       f0     2 .gnu.version
             e48              e48       f0     2         <internal>:(.gnu.version)
             f38              f38       40     4 .gnu.version_r
             f38              f38       40     4         <internal>:(.gnu.version_r)
             f78              f78       20     8 .gnu.hash
             f78              f78       20     8         <internal>:(.gnu.hash)
             f98              f98      7eb     1 .dynstr
             f98              f98      7eb     1         <internal>:(.dynstr)
            1788             1788       a8     8 .rela.dyn
            1788             1788       a8     8         <internal>:(.rela.dyn)
            1830             1830      ae0     8 .rela.plt
            1830             1830      ae0     8         <internal>:(.rela.plt)
            2310             2310     1b10    16 .rodata
            2310             2310        6     1         /var/folders/5j/mszng5kj02s9smyq132753qr0000gn/T/main-d54649.o:(.rodata.handle_cmd)
            2310             2310        0     1                 $d.13
            2318             2318       38     8         <internal>:(.rodata)
            2350             2350       14     4         <internal>:(.rodata)
            2370             2370       40    16         <internal>:(.rodata)
            23b0             23b0     1278     1         <internal>:(.rodata)
            3628             3628       44     4         /var/folders/5j/mszng5kj02s9smyq132753qr0000gn/T/main-d54649.o:(.rodata.config_attribute_list)
            3628             3628       44     1                 config_attribute_list
            3628             3628        0     1                 $d.101
            366c             366c        c     4         /var/folders/5j/mszng5kj02s9smyq132753qr0000gn/T/main-d54649.o:(.rodata.context_attribute_list)
            366c             366c        c     1                 context_attribute_list
            366c             366c        0     1                 $d.103
            3678             3678      200     2         /var/folders/5j/mszng5kj02s9smyq132753qr0000gn/T/main-d54649.o:(.rodata.RawdrawFontCharMap)
            3678             3678        0     1                 $d.108
            3678             3678      200     1                 RawdrawFontCharMap
            3878             3878      57d     1         /var/folders/5j/mszng5kj02s9smyq132753qr0000gn/T/main-d54649.o:(.rodata.RawdrawFontCharData)
            3878             3878        0     1                 $d.109
            3878             3878      57d     1                 RawdrawFontCharData
            3df5             3df5        c     1         /var/folders/5j/mszng5kj02s9smyq132753qr0000gn/T/main-d54649.o:(.rodata.CNFGBlitTex.tex_verts)
            3df5             3df5        c     1                 CNFGBlitTex.tex_verts
            3df5             3df5        0     1                 $d.126
            3e04             3e04        c     4         /var/folders/5j/mszng5kj02s9smyq132753qr0000gn/T/main-d54649.o:(.rodata..L__const.DrawHeightmap.up)
            3e04             3e04        0     1                 $d.164
            3e10             3e10       10     1         /var/folders/5j/mszng5kj02s9smyq132753qr0000gn/T/android_native_app_glue-a7212d.o:(.rodata.android_app_pre_exec_cmd)
            3e10             3e10        0     1                 $d.3
            3e20             3e20      27c     4 .eh_frame_hdr
            3e20             3e20      27c     4         <internal>:(.eh_frame_hdr)
            40a0             40a0      abc     8 .eh_frame
            40a0             40a0       14     1         /Users/jonaseveraert/Library/Android/sdk/ndk/25.1.8937393/toolchains/llvm/prebuilt/darwin-x86_64/bin/../sysroot/usr/lib/aarch64-linux-android/33/crtbegin_so.o:(.eh_frame+0x0)
            40b8             40b8       14     1         /Users/jonaseveraert/Library/Android/sdk/ndk/25.1.8937393/toolchains/llvm/prebuilt/darwin-x86_64/bin/../sysroot/usr/lib/aarch64-linux-android/33/crtbegin_so.o:(.eh_frame+0x14)
            40d0             40d0       14     1         /Users/jonaseveraert/Library/Android/sdk/ndk/25.1.8937393/toolchains/llvm/prebuilt/darwin-x86_64/bin/../sysroot/usr/lib/aarch64-linux-android/33/crtbegin_so.o:(.eh_frame+0x28)
            40e8             40e8       14     1         /Users/jonaseveraert/Library/Android/sdk/ndk/25.1.8937393/toolchains/llvm/prebuilt/darwin-x86_64/bin/../sysroot/usr/lib/aarch64-linux-android/33/crtbegin_so.o:(.eh_frame+0x3c)
            4100             4100       14     1         /Users/jonaseveraert/Library/Android/sdk/ndk/25.1.8937393/toolchains/llvm/prebuilt/darwin-x86_64/bin/../sysroot/usr/lib/aarch64-linux-android/33/crtbegin_so.o:(.eh_frame+0x50)
            4118             4118       14     1         /Users/jonaseveraert/Library/Android/sdk/ndk/25.1.8937393/toolchains/llvm/prebuilt/darwin-x86_64/bin/../sysroot/usr/lib/aarch64-linux-android/33/crtbegin_so.o:(.eh_frame+0x64)
            4130             4130       18     1         /Users/jonaseveraert/Library/Android/sdk/ndk/25.1.8937393/toolchains/llvm/prebuilt/darwin-x86_64/bin/../sysroot/usr/lib/aarch64-linux-android/33/crtbegin_so.o:(.eh_frame+0x78)
            4148             4148       54     1         /var/folders/5j/mszng5kj02s9smyq132753qr0000gn/T/main-d54649.o:(.eh_frame+0x28)
            41a0             41a0       28     1         /var/folders/5j/mszng5kj02s9smyq132753qr0000gn/T/main-d54649.o:(.eh_frame+0x7c)
            41c8             41c8       30     1         /var/folders/5j/mszng5kj02s9smyq132753qr0000gn/T/main-d54649.o:(.eh_frame+0xc0)
            41f8             41f8       3c     1         /var/folders/5j/mszng5kj02s9smyq132753qr0000gn/T/main-d54649.o:(.eh_frame+0x118)
            4238             4238       1c     1         /var/folders/5j/mszng5kj02s9smyq132753qr0000gn/T/main-d54649.o:(.eh_frame+0x154)
            4258             4258       3c     1         /var/folders/5j/mszng5kj02s9smyq132753qr0000gn/T/main-d54649.o:(.eh_frame+0x170)
            4298             4298       98     1         /var/folders/5j/mszng5kj02s9smyq132753qr0000gn/T/main-d54649.o:(.eh_frame+0x1ac)
            4330             4330       24     1         /var/folders/5j/mszng5kj02s9smyq132753qr0000gn/T/main-d54649.o:(.eh_frame+0x2bc)
            4358             4358       14     1         /var/folders/5j/mszng5kj02s9smyq132753qr0000gn/T/main-d54649.o:(.eh_frame+0x330)
            4370             4370       3c     1         /var/folders/5j/mszng5kj02s9smyq132753qr0000gn/T/main-d54649.o:(.eh_frame+0x344)
            43b0             43b0       14     1         /var/folders/5j/mszng5kj02s9smyq132753qr0000gn/T/main-d54649.o:(.eh_frame+0x380)
            43c8             43c8       34     1         /var/folders/5j/mszng5kj02s9smyq132753qr0000gn/T/main-d54649.o:(.eh_frame+0x3a8)
            4400             4400       24     1         /var/folders/5j/mszng5kj02s9smyq132753qr0000gn/T/main-d54649.o:(.eh_frame+0x3dc)
            4428             4428       60     1         /var/folders/5j/mszng5kj02s9smyq132753qr0000gn/T/main-d54649.o:(.eh_frame+0x414)
            4488             4488       50     1         /var/folders/5j/mszng5kj02s9smyq132753qr0000gn/T/main-d54649.o:(.eh_frame+0x4b0)
            44d8             44d8       1c     1         /var/folders/5j/mszng5kj02s9smyq132753qr0000gn/T/main-d54649.o:(.eh_frame+0x530)
            44f8             44f8       18     1         /var/folders/5j/mszng5kj02s9smyq132753qr0000gn/T/main-d54649.o:(.eh_frame+0x574)
            4510             4510       14     1         /var/folders/5j/mszng5kj02s9smyq132753qr0000gn/T/main-d54649.o:(.eh_frame+0x678)
            4528             4528       14     1         /var/folders/5j/mszng5kj02s9smyq132753qr0000gn/T/main-d54649.o:(.eh_frame+0x6c8)
            4540             4540       20     1         /var/folders/5j/mszng5kj02s9smyq132753qr0000gn/T/main-d54649.o:(.eh_frame+0x77c)
            4560             4560       24     1         /var/folders/5j/mszng5kj02s9smyq132753qr0000gn/T/main-d54649.o:(.eh_frame+0x7c4)
            4588             4588       ec     1         /var/folders/5j/mszng5kj02s9smyq132753qr0000gn/T/main-d54649.o:(.eh_frame+0x7e8)
            4678             4678       4c     1         /var/folders/5j/mszng5kj02s9smyq132753qr0000gn/T/main-d54649.o:(.eh_frame+0x8f4)
            46c8             46c8       48     1         /var/folders/5j/mszng5kj02s9smyq132753qr0000gn/T/main-d54649.o:(.eh_frame+0x940)
            4710             4710       14     1         /var/folders/5j/mszng5kj02s9smyq132753qr0000gn/T/main-d54649.o:(.eh_frame+0x9cc)
            4728             4728       70     1         /var/folders/5j/mszng5kj02s9smyq132753qr0000gn/T/main-d54649.o:(.eh_frame+0x9e0)
            4798             4798       1c     1         /var/folders/5j/mszng5kj02s9smyq132753qr0000gn/T/android_native_app_glue-a7212d.o:(.eh_frame+0x14)
            47b8             47b8       60     1         /var/folders/5j/mszng5kj02s9smyq132753qr0000gn/T/android_native_app_glue-a7212d.o:(.eh_frame+0x30)
            4818             4818       64     1         /var/folders/5j/mszng5kj02s9smyq132753qr0000gn/T/android_native_app_glue-a7212d.o:(.eh_frame+0xa4)
            4880             4880       1c     1         /var/folders/5j/mszng5kj02s9smyq132753qr0000gn/T/android_native_app_glue-a7212d.o:(.eh_frame+0x108)
            48a0             48a0       24     1         /var/folders/5j/mszng5kj02s9smyq132753qr0000gn/T/android_native_app_glue-a7212d.o:(.eh_frame+0x124)
            48c8             48c8       1c     1         /var/folders/5j/mszng5kj02s9smyq132753qr0000gn/T/android_native_app_glue-a7212d.o:(.eh_frame+0x148)
            48e8             48e8       1c     1         /var/folders/5j/mszng5kj02s9smyq132753qr0000gn/T/android_native_app_glue-a7212d.o:(.eh_frame+0x164)
            4908             4908       1c     1         /var/folders/5j/mszng5kj02s9smyq132753qr0000gn/T/android_native_app_glue-a7212d.o:(.eh_frame+0x180)
            4928             4928       1c     1         /var/folders/5j/mszng5kj02s9smyq132753qr0000gn/T/android_native_app_glue-a7212d.o:(.eh_frame+0x19c)
            4948             4948       5c     1         /var/folders/5j/mszng5kj02s9smyq132753qr0000gn/T/android_native_app_glue-a7212d.o:(.eh_frame+0x1b8)
            49a8             49a8       3c     1         /var/folders/5j/mszng5kj02s9smyq132753qr0000gn/T/android_native_app_glue-a7212d.o:(.eh_frame+0x214)
            49e8             49e8       14     1         /var/folders/5j/mszng5kj02s9smyq132753qr0000gn/T/android_native_app_glue-a7212d.o:(.eh_frame+0x250)
            4a00             4a00       1c     1         /var/folders/5j/mszng5kj02s9smyq132753qr0000gn/T/android_native_app_glue-a7212d.o:(.eh_frame+0x264)
            4a20             4a20       1c     1         /var/folders/5j/mszng5kj02s9smyq132753qr0000gn/T/android_native_app_glue-a7212d.o:(.eh_frame+0x280)
            4a40             4a40       24     1         /var/folders/5j/mszng5kj02s9smyq132753qr0000gn/T/android_native_app_glue-a7212d.o:(.eh_frame+0x29c)
            4a68             4a68       64     1         /var/folders/5j/mszng5kj02s9smyq132753qr0000gn/T/android_native_app_glue-a7212d.o:(.eh_frame+0x2c0)
            4ad0             4ad0       1c     1         /var/folders/5j/mszng5kj02s9smyq132753qr0000gn/T/android_native_app_glue-a7212d.o:(.eh_frame+0x324)
            4af0             4af0       24     1         /var/folders/5j/mszng5kj02s9smyq132753qr0000gn/T/android_native_app_glue-a7212d.o:(.eh_frame+0x340)
            4b18             4b18       3c     1         /var/folders/5j/mszng5kj02s9smyq132753qr0000gn/T/android_native_app_glue-a7212d.o:(.eh_frame+0x364)
            5b5c             5b5c     530c     4 .text
            5b5c             5b5c       60     4         /Users/jonaseveraert/Library/Android/sdk/ndk/25.1.8937393/toolchains/llvm/prebuilt/darwin-x86_64/bin/../sysroot/usr/lib/aarch64-linux-android/33/crtbegin_so.o:(.text)
            5b5c             5b5c       10     1                 __on_dlclose
            5b5c             5b5c        0     1                 $x.1
            5b6c             5b6c        8     1                 __emutls_unregister_key
            5b74             5b74        8     1                 __on_dlclose_late
            5b7c             5b7c       14     1                 __atexit_handler_wrapper
            5b90             5b90       1c     1                 atexit
            5bac             5bac       10     1                 pthread_atfork
            5bbc             5bbc       f4     4         /var/folders/5j/mszng5kj02s9smyq132753qr0000gn/T/main-d54649.o:(.text.CNFGSwapBuffers)
            5bbc             5bbc        0     1                 $x.1
            5bbc             5bbc       f4     1                 CNFGSwapBuffers
            5cb0             5cb0       8c     4         /var/folders/5j/mszng5kj02s9smyq132753qr0000gn/T/main-d54649.o:(.text.CNFGInternalResize)
            5cb0             5cb0        0     1                 $x.2
            5cb0             5cb0       8c     1                 CNFGInternalResize
            5d3c             5d3c       50     4         /var/folders/5j/mszng5kj02s9smyq132753qr0000gn/T/main-d54649.o:(.text.CNFGGetDimensions)
            5d3c             5d3c        0     1                 $x.3
            5d3c             5d3c       50     1                 CNFGGetDimensions
            5d8c             5d8c      35c     4         /var/folders/5j/mszng5kj02s9smyq132753qr0000gn/T/main-d54649.o:(.text.CNFGSetup)
            5d8c             5d8c        0     1                 $x.4
            5d8c             5d8c      35c     1                 CNFGSetup
            60e8             60e8      234     4         /var/folders/5j/mszng5kj02s9smyq132753qr0000gn/T/main-d54649.o:(.text.handle_input)
            60e8             60e8        0     1                 $x.6
            60e8             60e8      234     1                 handle_input
            631c             631c      118     4         /var/folders/5j/mszng5kj02s9smyq132753qr0000gn/T/main-d54649.o:(.text.AndroidGetUnicodeChar)
            631c             631c        0     1                 $x.9
            631c             631c      118     1                 AndroidGetUnicodeChar
            6434             6434       40     4         /var/folders/5j/mszng5kj02s9smyq132753qr0000gn/T/main-d54649.o:(.text.HandleKey)
            6434             6434        0     1                 $x.10
            6434             6434       40     1                 HandleKey
            6474             6474       70     4         /var/folders/5j/mszng5kj02s9smyq132753qr0000gn/T/main-d54649.o:(.text.CNFGHandleInput)
            6474             6474        0     1                 $x.11
            6474             6474       70     1                 CNFGHandleInput
            64e4             64e4      148     4         /var/folders/5j/mszng5kj02s9smyq132753qr0000gn/T/main-d54649.o:(.text.handle_cmd)
            64e4             64e4        0     1                 $x.12
            64e4             64e4      148     1                 handle_cmd
            662c             662c       78     4         /var/folders/5j/mszng5kj02s9smyq132753qr0000gn/T/main-d54649.o:(.text.android_main)
            662c             662c        0     1                 $x.14
            662c             662c       78     1                 android_main
            66a4             66a4      628     4         /var/folders/5j/mszng5kj02s9smyq132753qr0000gn/T/main-d54649.o:(.text.main)
            66a4             66a4        0     1                 $x.18
            66a4             66a4      628     1                 main
            6ccc             6ccc      468     4         /var/folders/5j/mszng5kj02s9smyq132753qr0000gn/T/main-d54649.o:(.text.AndroidMakeFullscreen)
            6ccc             6ccc        0     1                 $x.19
            6ccc             6ccc      468     1                 AndroidMakeFullscreen
            7134             7134      2d8     4         /var/folders/5j/mszng5kj02s9smyq132753qr0000gn/T/main-d54649.o:(.text.AndroidDisplayKeyboard)
            7134             7134        0     1                 $x.20
            7134             7134      2d8     1                 AndroidDisplayKeyboard
            740c             740c       cc     4         /var/folders/5j/mszng5kj02s9smyq132753qr0000gn/T/main-d54649.o:(.text.AndroidSendToBack)
            740c             740c        0     1                 $x.24
            740c             740c       cc     1                 AndroidSendToBack
            74d8             74d8       ac     4         /var/folders/5j/mszng5kj02s9smyq132753qr0000gn/T/main-d54649.o:(.text.CNFGTackSegment)
            74d8             74d8        0     1                 $x.28
            74d8             74d8       ac     1                 CNFGTackSegment
            7584             7584      15c     4         /var/folders/5j/mszng5kj02s9smyq132753qr0000gn/T/main-d54649.o:(.text.CNFGDrawText)
            7584             7584        0     1                 $x.29
            7584             7584      15c     1                 CNFGDrawText
            76e0             76e0       4c     4         /var/folders/5j/mszng5kj02s9smyq132753qr0000gn/T/main-d54649.o:(.text.CNFGTackPixel)
            76e0             76e0        0     1                 $x.30
            76e0             76e0       4c     1                 CNFGTackPixel
            772c             772c       d4     4         /var/folders/5j/mszng5kj02s9smyq132753qr0000gn/T/main-d54649.o:(.text.EmitQuad)
            772c             772c       d4     1                 EmitQuad
            772c             772c        0     1                 $x.32
            7800             7800       f4     4         /var/folders/5j/mszng5kj02s9smyq132753qr0000gn/T/main-d54649.o:(.text.CNFGTackPoly)
            7800             7800        0     1                 $x.33
            7800             7800       f4     1                 CNFGTackPoly
            78f4             78f4      244     4         /var/folders/5j/mszng5kj02s9smyq132753qr0000gn/T/main-d54649.o:(.text.CNFGGLInternalLoadShader)
            78f4             78f4        0     1                 $x.35
            78f4             78f4      244     1                 CNFGGLInternalLoadShader
            7b38             7b38      104     4         /var/folders/5j/mszng5kj02s9smyq132753qr0000gn/T/main-d54649.o:(.text.CNFGSetupBatchInternal)
            7b38             7b38        0     1                 $x.36
            7b38             7b38      104     1                 CNFGSetupBatchInternal
            7c3c             7c3c       b8     4         /var/folders/5j/mszng5kj02s9smyq132753qr0000gn/T/main-d54649.o:(.text.CNFGEmitBackendTriangles)
            7c3c             7c3c        0     1                 $x.37
            7c3c             7c3c       b8     1                 CNFGEmitBackendTriangles
            7cf4             7cf4      164     4         /var/folders/5j/mszng5kj02s9smyq132753qr0000gn/T/main-d54649.o:(.text.CNFGBlitTex)
            7cf4             7cf4        0     1                 $x.40
            7cf4             7cf4      164     1                 CNFGBlitTex
            7e58             7e58       d0     4         /var/folders/5j/mszng5kj02s9smyq132753qr0000gn/T/main-d54649.o:(.text.CNFGBlitImage)
            7e58             7e58        0     1                 $x.41
            7e58             7e58       d0     1                 CNFGBlitImage
            7f28             7f28       60     4         /var/folders/5j/mszng5kj02s9smyq132753qr0000gn/T/main-d54649.o:(.text.CNFGClearFrame)
            7f28             7f28        0     1                 $x.44
            7f28             7f28       60     1                 CNFGClearFrame
            7f88             7f88       ac     4         /var/folders/5j/mszng5kj02s9smyq132753qr0000gn/T/main-d54649.o:(.text.tdTranslate)
            7f88             7f88        0     1                 $x.47
            7f88             7f88       ac     1                 tdTranslate
            8034             8034      15c     4         /var/folders/5j/mszng5kj02s9smyq132753qr0000gn/T/main-d54649.o:(.text.tdLookAt)
            8034             8034        0     1                 $x.56
            8034             8034      15c     1                 tdLookAt
            8190             8190       74     4         /var/folders/5j/mszng5kj02s9smyq132753qr0000gn/T/main-d54649.o:(.text.td4Transform)
            8190             8190        0     1                 $x.60
            8190             8190       74     1                 td4Transform
            8204             8204       cc     4         /var/folders/5j/mszng5kj02s9smyq132753qr0000gn/T/main-d54649.o:(.text.tdFinalPoint)
            8204             8204        0     1                 $x.69
            8204             8204       cc     1                 tdFinalPoint
            82d0             82d0      2d8     4         /var/folders/5j/mszng5kj02s9smyq132753qr0000gn/T/main-d54649.o:(.text.tdPerlin2D)
            82d0             82d0        0     1                 $x.72
            82d0             82d0      2d8     1                 tdPerlin2D
            85a8             85a8      7e0     4         /var/folders/5j/mszng5kj02s9smyq132753qr0000gn/T/main-d54649.o:(.text.WebViewCreate)
            85a8             85a8        0     1                 $x.73
            85a8             85a8      7e0     1                 WebViewCreate
            8d88             8d88       c0     4         /var/folders/5j/mszng5kj02s9smyq132753qr0000gn/T/main-d54649.o:(.text.WebViewGetProgress)
            8d88             8d88        0     1                 $x.74
            8d88             8d88       c0     1                 WebViewGetProgress
            8e48             8e48      30c     4         /var/folders/5j/mszng5kj02s9smyq132753qr0000gn/T/main-d54649.o:(.text.WebViewPostMessage)
            8e48             8e48        0     1                 $x.75
            8e48             8e48      30c     1                 WebViewPostMessage
            9154             9154       bc     4         /var/folders/5j/mszng5kj02s9smyq132753qr0000gn/T/main-d54649.o:(.text.WebViewRequestRenderToCanvas)
            9154             9154        0     1                 $x.76
            9154             9154       bc     1                 WebViewRequestRenderToCanvas
            9210             9210      138     4         /var/folders/5j/mszng5kj02s9smyq132753qr0000gn/T/main-d54649.o:(.text.WebViewNativeGetPixels)
            9210             9210        0     1                 $x.77
            9210             9210      138     1                 WebViewNativeGetPixels
            9348             9348       f4     4         /var/folders/5j/mszng5kj02s9smyq132753qr0000gn/T/main-d54649.o:(.text.WebViewExecuteJavascript)
            9348             9348        0     1                 $x.78
            9348             9348       f4     1                 WebViewExecuteJavascript
            943c             943c       c4     4         /var/folders/5j/mszng5kj02s9smyq132753qr0000gn/T/main-d54649.o:(.text.SetupIMU)
            943c             943c        0     1                 $x.80
            943c             943c       c4     1                 SetupIMU
            9500             9500       d8     4         /var/folders/5j/mszng5kj02s9smyq132753qr0000gn/T/main-d54649.o:(.text.AccCheck)
            9500             9500        0     1                 $x.81
            9500             9500       d8     1                 AccCheck
            95d8             95d8      4c8     4         /var/folders/5j/mszng5kj02s9smyq132753qr0000gn/T/main-d54649.o:(.text.DrawHeightmap)
            95d8             95d8        0     1                 $x.82
            95d8             95d8      4c8     1                 DrawHeightmap
            9aa0             9aa0       10     4         /var/folders/5j/mszng5kj02s9smyq132753qr0000gn/T/main-d54649.o:(.text.HandleThisWindowTermination)
            9aa0             9aa0        0     1                 $x.86
            9aa0             9aa0       10     1                 HandleThisWindowTermination
            9ab0             9ab0       98     4         /var/folders/5j/mszng5kj02s9smyq132753qr0000gn/T/main-d54649.o:(.text.CheckWebView)
            9ab0             9ab0        0     1                 $x.87
            9ab0             9ab0       98     1                 CheckWebView
            9b48             9b48       94     4         /var/folders/5j/mszng5kj02s9smyq132753qr0000gn/T/main-d54649.o:(.text.SetupWebView)
            9b48             9b48        0     1                 $x.88
            9b48             9b48       94     1                 SetupWebView
            9bdc             9bdc      504     4         /var/folders/5j/mszng5kj02s9smyq132753qr0000gn/T/main-d54649.o:(.text.JavscriptThread)
            9bdc             9bdc        0     1                 $x.89
            9bdc             9bdc      504     1                 JavscriptThread
            a0e0             a0e0       60     4         /var/folders/5j/mszng5kj02s9smyq132753qr0000gn/T/android_native_app_glue-a7212d.o:(.text.android_app_read_cmd)
            a0e0             a0e0        0     1                 $x.0
            a0e0             a0e0       60     1                 android_app_read_cmd
            a140             a140       3c     4         /var/folders/5j/mszng5kj02s9smyq132753qr0000gn/T/android_native_app_glue-a7212d.o:(.text.free_saved_state)
            a140             a140       3c     1                 free_saved_state
            a140             a140        0     1                 $x.1
            a17c             a17c      168     4         /var/folders/5j/mszng5kj02s9smyq132753qr0000gn/T/android_native_app_glue-a7212d.o:(.text.android_app_pre_exec_cmd)
            a17c             a17c        0     1                 $x.2
            a17c             a17c      168     1                 android_app_pre_exec_cmd
            a2e4             a2e4       a8     4         /var/folders/5j/mszng5kj02s9smyq132753qr0000gn/T/android_native_app_glue-a7212d.o:(.text.android_app_post_exec_cmd)
            a2e4             a2e4        0     1                 $x.4
            a2e4             a2e4       a8     1                 android_app_post_exec_cmd
            a38c             a38c      294     4         /var/folders/5j/mszng5kj02s9smyq132753qr0000gn/T/android_native_app_glue-a7212d.o:(.text.ANativeActivity_onCreate)
            a38c             a38c        0     1                 $x.6
            a38c             a38c      294     1                 ANativeActivity_onCreate
            a620             a620       9c     4         /var/folders/5j/mszng5kj02s9smyq132753qr0000gn/T/android_native_app_glue-a7212d.o:(.text.onDestroy)
            a620             a620       9c     1                 onDestroy
            a620             a620        0     1                 $x.7
            a6bc             a6bc       34     4         /var/folders/5j/mszng5kj02s9smyq132753qr0000gn/T/android_native_app_glue-a7212d.o:(.text.onStart)
            a6bc             a6bc       34     1                 onStart
            a6bc             a6bc        0     1                 $x.8
            a6f0             a6f0       34     4         /var/folders/5j/mszng5kj02s9smyq132753qr0000gn/T/android_native_app_glue-a7212d.o:(.text.onResume)
            a6f0             a6f0       34     1                 onResume
            a6f0             a6f0        0     1                 $x.9
            a724             a724       98     4         /var/folders/5j/mszng5kj02s9smyq132753qr0000gn/T/android_native_app_glue-a7212d.o:(.text.onSaveInstanceState)
            a724             a724       98     1                 onSaveInstanceState
            a724             a724        0     1                 $x.10
            a7bc             a7bc       34     4         /var/folders/5j/mszng5kj02s9smyq132753qr0000gn/T/android_native_app_glue-a7212d.o:(.text.onPause)
            a7bc             a7bc       34     1                 onPause
            a7bc             a7bc        0     1                 $x.11
            a7f0             a7f0       34     4         /var/folders/5j/mszng5kj02s9smyq132753qr0000gn/T/android_native_app_glue-a7212d.o:(.text.onStop)
            a7f0             a7f0       34     1                 onStop
            a7f0             a7f0        0     1                 $x.12
            a824             a824       34     4         /var/folders/5j/mszng5kj02s9smyq132753qr0000gn/T/android_native_app_glue-a7212d.o:(.text.onConfigurationChanged)
            a824             a824       34     1                 onConfigurationChanged
            a824             a824        0     1                 $x.13
            a858             a858       34     4         /var/folders/5j/mszng5kj02s9smyq132753qr0000gn/T/android_native_app_glue-a7212d.o:(.text.onLowMemory)
            a858             a858       34     1                 onLowMemory
            a858             a858        0     1                 $x.14
            a88c             a88c       44     4         /var/folders/5j/mszng5kj02s9smyq132753qr0000gn/T/android_native_app_glue-a7212d.o:(.text.onWindowFocusChanged)
            a88c             a88c       44     1                 onWindowFocusChanged
            a88c             a88c        0     1                 $x.15
            a8d0             a8d0       3c     4         /var/folders/5j/mszng5kj02s9smyq132753qr0000gn/T/android_native_app_glue-a7212d.o:(.text.onNativeWindowCreated)
            a8d0             a8d0       3c     1                 onNativeWindowCreated
            a8d0             a8d0        0     1                 $x.16
            a90c             a90c       38     4         /var/folders/5j/mszng5kj02s9smyq132753qr0000gn/T/android_native_app_glue-a7212d.o:(.text.onNativeWindowDestroyed)
            a90c             a90c       38     1                 onNativeWindowDestroyed
            a90c             a90c        0     1                 $x.17
            a944             a944       3c     4         /var/folders/5j/mszng5kj02s9smyq132753qr0000gn/T/android_native_app_glue-a7212d.o:(.text.onInputQueueCreated)
            a944             a944       3c     1                 onInputQueueCreated
            a944             a944        0     1                 $x.18
            a980             a980       38     4         /var/folders/5j/mszng5kj02s9smyq132753qr0000gn/T/android_native_app_glue-a7212d.o:(.text.onInputQueueDestroyed)
            a980             a980       38     1                 onInputQueueDestroyed
            a980             a980        0     1                 $x.19
            a9b8             a9b8       14     4         /var/folders/5j/mszng5kj02s9smyq132753qr0000gn/T/android_native_app_glue-a7212d.o:(.text.onNativeWindowRedrawNeeded)
            a9b8             a9b8       14     1                 onNativeWindowRedrawNeeded
            a9b8             a9b8        0     1                 $x.20
            a9cc             a9cc       38     4         /var/folders/5j/mszng5kj02s9smyq132753qr0000gn/T/android_native_app_glue-a7212d.o:(.text.RunCallbackOnUIThread)
            a9cc             a9cc        0     1                 $x.21
            a9cc             a9cc       38     1                 RunCallbackOnUIThread
            aa04             aa04       58     4         /var/folders/5j/mszng5kj02s9smyq132753qr0000gn/T/android_native_app_glue-a7212d.o:(.text.android_app_write_cmd)
            aa04             aa04       58     1                 android_app_write_cmd
            aa04             aa04        0     1                 $x.22
            aa5c             aa5c       70     4         /var/folders/5j/mszng5kj02s9smyq132753qr0000gn/T/android_native_app_glue-a7212d.o:(.text.android_app_set_activity_state)
            aa5c             aa5c       70     1                 android_app_set_activity_state
            aa5c             aa5c        0     1                 $x.23
            aacc             aacc       98     4         /var/folders/5j/mszng5kj02s9smyq132753qr0000gn/T/android_native_app_glue-a7212d.o:(.text.android_app_set_window)
            aacc             aacc       98     1                 android_app_set_window
            aacc             aacc        0     1                 $x.24
            ab64             ab64       78     4         /var/folders/5j/mszng5kj02s9smyq132753qr0000gn/T/android_native_app_glue-a7212d.o:(.text.android_app_set_input)
            ab64             ab64       78     1                 android_app_set_input
            ab64             ab64        0     1                 $x.25
            abdc             abdc       90     4         /var/folders/5j/mszng5kj02s9smyq132753qr0000gn/T/android_native_app_glue-a7212d.o:(.text.debug_capture_thread_fn)
            abdc             abdc       90     1                 debug_capture_thread_fn
            abdc             abdc        0     1                 $x.26
            ac6c             ac6c       3c     4         /var/folders/5j/mszng5kj02s9smyq132753qr0000gn/T/android_native_app_glue-a7212d.o:(.text.process_ui)
            ac6c             ac6c       3c     1                 process_ui
            ac6c             ac6c        0     1                 $x.27
            aca8             aca8      100     4         /var/folders/5j/mszng5kj02s9smyq132753qr0000gn/T/android_native_app_glue-a7212d.o:(.text.android_app_entry)
            aca8             aca8      100     1                 android_app_entry
            aca8             aca8        0     1                 $x.28
            ada8             ada8       4c     4         /var/folders/5j/mszng5kj02s9smyq132753qr0000gn/T/android_native_app_glue-a7212d.o:(.text.process_cmd)
            ada8             ada8       4c     1                 process_cmd
            ada8             ada8        0     1                 $x.29
            adf4             adf4       74     4         /var/folders/5j/mszng5kj02s9smyq132753qr0000gn/T/android_native_app_glue-a7212d.o:(.text.process_input)
            adf4             adf4       74     1                 process_input
            adf4             adf4        0     1                 $x.30
            ae70             ae70      760    16 .plt
            ae70             ae70      760    16         <internal>:(.plt)
            c5d0             c5d0        8     8 .data.rel.ro
            c5d0             c5d0        8     8         /Users/jonaseveraert/Library/Android/sdk/ndk/25.1.8937393/toolchains/llvm/prebuilt/darwin-x86_64/bin/../sysroot/usr/lib/aarch64-linux-android/33/crtbegin_so.o:(.data.rel.ro)
            c5d0             c5d0        8     1                 __dso_handle_const
            c5d0             c5d0        0     1                 $d.2
            c5d0             c5d0        8     1                 __dso_handle
            c5d8             c5d8       10     8 .fini_array
            c5d8             c5d8        8     8         /Users/jonaseveraert/Library/Android/sdk/ndk/25.1.8937393/toolchains/llvm/prebuilt/darwin-x86_64/bin/../sysroot/usr/lib/aarch64-linux-android/33/crtbegin_so.o:(.fini_array.0)
            c5d8             c5d8        0     1                 $d.3
            c5e0             c5e0        8     8         /Users/jonaseveraert/Library/Android/sdk/ndk/25.1.8937393/toolchains/llvm/prebuilt/darwin-x86_64/bin/../sysroot/usr/lib/aarch64-linux-android/33/crtbegin_so.o:(.fini_array)
            c5e0             c5e0        0     1                 $d.4
            c5e8             c5e8      1d0     8 .dynamic
            c5e8             c5e8      1d0     8         <internal>:(.dynamic)
            c7b8             c7b8       18     8 .got
            c7b8             c7b8       18     8         <internal>:(.got)
            c7d0             c7d0      3b8     8 .got.plt
            c7d0             c7d0      3b8     8         <internal>:(.got.plt)
            db88             db88       28     8 .data
            db88             db88        4     4         /var/folders/5j/mszng5kj02s9smyq132753qr0000gn/T/main-d54649.o:(.data.window_attribute_list)
            db88             db88        4     1                 window_attribute_list
            db88             db88        0     1                 $d.105
            db8c             db8c        4     4         /var/folders/5j/mszng5kj02s9smyq132753qr0000gn/T/main-d54649.o:(.data.wgl_last_width_over_2)
            db8c             db8c        4     1                 wgl_last_width_over_2
            db8c             db8c        0     1                 $d.114
            db90             db90        4     4         /var/folders/5j/mszng5kj02s9smyq132753qr0000gn/T/main-d54649.o:(.data.gRDShaderProg)
            db90             db90        0     1                 $d.118
            db90             db90        4     1                 gRDShaderProg
            db94             db94        4     4         /var/folders/5j/mszng5kj02s9smyq132753qr0000gn/T/main-d54649.o:(.data.gRDBlitProg)
            db94             db94        0     1                 $d.119
            db94             db94        4     1                 gRDBlitProg
            db98             db98        4     4         /var/folders/5j/mszng5kj02s9smyq132753qr0000gn/T/main-d54649.o:(.data.gRDShaderProgUX)
            db98             db98        0     1                 $d.120
            db98             db98        4     1                 gRDShaderProgUX
            db9c             db9c        4     4         /var/folders/5j/mszng5kj02s9smyq132753qr0000gn/T/main-d54649.o:(.data.gRDBlitProgUX)
            db9c             db9c        0     1                 $d.121
            db9c             db9c        4     1                 gRDBlitProgUX
            dba0             dba0        4     4         /var/folders/5j/mszng5kj02s9smyq132753qr0000gn/T/main-d54649.o:(.data.gRDBlitProgUT)
            dba0             dba0        0     1                 $d.122
            dba0             dba0        4     1                 gRDBlitProgUT
            dba4             dba4        4     4         /var/folders/5j/mszng5kj02s9smyq132753qr0000gn/T/main-d54649.o:(.data.gRDBlitProgTex)
            dba4             dba4        0     1                 $d.123
            dba4             dba4        4     1                 gRDBlitProgTex
            dba8             dba8        8     8         /var/folders/5j/mszng5kj02s9smyq132753qr0000gn/T/main-d54649.o:(.data.gSMatrix)
            dba8             dba8        0     1                 $d.129
            dba8             dba8        8     1                 gSMatrix
            dbb0             dbb0   16ee58     8 .bss
            dbb0             dbb0        4     4         /var/folders/5j/mszng5kj02s9smyq132753qr0000gn/T/main-d54649.o:(.bss.override_android_screen_dimensons)
            dbb0             dbb0        0     1                 $d.91
            dbb0             dbb0        4     1                 override_android_screen_dimensons
            dbb8             dbb8        8     8         /var/folders/5j/mszng5kj02s9smyq132753qr0000gn/T/main-d54649.o:(.bss.egl_display)
            dbb8             dbb8        0     1                 $d.92
            dbb8             dbb8        8     1                 egl_display
            dbc0             dbc0        8     8         /var/folders/5j/mszng5kj02s9smyq132753qr0000gn/T/main-d54649.o:(.bss.egl_surface)
            dbc0             dbc0        0     1                 $d.93
            dbc0             dbc0        8     1                 egl_surface
            dbc8             dbc8        8     8         /var/folders/5j/mszng5kj02s9smyq132753qr0000gn/T/main-d54649.o:(.bss.native_window)
            dbc8             dbc8        0     1                 $d.94
            dbc8             dbc8        8     1                 native_window
            dbd0             dbd0        4     4         /var/folders/5j/mszng5kj02s9smyq132753qr0000gn/T/main-d54649.o:(.bss.android_width)
            dbd0             dbd0        0     1                 $d.95
            dbd0             dbd0        4     1                 android_width
            dbd4             dbd4        4     4         /var/folders/5j/mszng5kj02s9smyq132753qr0000gn/T/main-d54649.o:(.bss.android_height)
            dbd4             dbd4        0     1                 $d.96
            dbd4             dbd4        4     1                 android_height
            dbd8             dbd8        2     4         /var/folders/5j/mszng5kj02s9smyq132753qr0000gn/T/main-d54649.o:(.bss.iLastInternalW)
            dbd8             dbd8        2     1                 iLastInternalW
            dbd8             dbd8        0     1                 $d.97
            dbdc             dbdc        2     4         /var/folders/5j/mszng5kj02s9smyq132753qr0000gn/T/main-d54649.o:(.bss.iLastInternalH)
            dbdc             dbdc        2     1                 iLastInternalH
            dbdc             dbdc        0     1                 $d.98
            dbe0             dbe0        1     4         /var/folders/5j/mszng5kj02s9smyq132753qr0000gn/T/main-d54649.o:(.bss.OGLESStarted)
            dbe0             dbe0        1     1                 OGLESStarted
            dbe0             dbe0        0     1                 $d.99
            dbe8             dbe8        8     8         /var/folders/5j/mszng5kj02s9smyq132753qr0000gn/T/main-d54649.o:(.bss.egl_config)
            dbe8             dbe8        0     1                 $d.102
            dbe8             dbe8        8     1                 egl_config
            dbf0             dbf0        8     8         /var/folders/5j/mszng5kj02s9smyq132753qr0000gn/T/main-d54649.o:(.bss.egl_context)
            dbf0             dbf0        0     1                 $d.104
            dbf0             dbf0        8     1                 egl_context
            dbf8             dbf8        8     8         /var/folders/5j/mszng5kj02s9smyq132753qr0000gn/T/main-d54649.o:(.bss.HandleCustomEventCallback)
            dbf8             dbf8        0     1                 $d.106
            dbf8             dbf8        8     1                 HandleCustomEventCallback
            dc00             dc00        4     4         /var/folders/5j/mszng5kj02s9smyq132753qr0000gn/T/main-d54649.o:(.bss.android_sdk_version)
            dc00             dc00        0     1                 $d.107
            dc00             dc00        4     1                 android_sdk_version
            dc04             dc04        4     4         /var/folders/5j/mszng5kj02s9smyq132753qr0000gn/T/main-d54649.o:(.bss.CNFGLastColor)
            dc04             dc04        0     1                 $d.110
            dc04             dc04        4     1                 CNFGLastColor
            dc08             dc08        4     4         /var/folders/5j/mszng5kj02s9smyq132753qr0000gn/T/main-d54649.o:(.bss.CNFGPenX)
            dc08             dc08        0     1                 $d.112
            dc08             dc08        4     1                 CNFGPenX
            dc0c             dc0c        4     4         /var/folders/5j/mszng5kj02s9smyq132753qr0000gn/T/main-d54649.o:(.bss.CNFGPenY)
            dc0c             dc0c        0     1                 $d.113
            dc0c             dc0c        4     1                 CNFGPenY
            dc10             dc10        4     4         /var/folders/5j/mszng5kj02s9smyq132753qr0000gn/T/main-d54649.o:(.bss.CNFGVertPlace)
            dc10             dc10        0     1                 $d.115
            dc10             dc10        4     1                 CNFGVertPlace
            dc14             dc14    18000     4         /var/folders/5j/mszng5kj02s9smyq132753qr0000gn/T/main-d54649.o:(.bss.CNFGVertDataV)
            dc14             dc14        0     1                 $d.116
            dc14             dc14    18000     1                 CNFGVertDataV
           25c14            25c14     8000     4         /var/folders/5j/mszng5kj02s9smyq132753qr0000gn/T/main-d54649.o:(.bss.CNFGVertDataC)
           25c14            25c14        0     1                 $d.117
           25c14            25c14     8000     1                 CNFGVertDataC
           2dc14            2dc14        4     4         /var/folders/5j/mszng5kj02s9smyq132753qr0000gn/T/main-d54649.o:(.bss.gRDLastResizeW)
           2dc14            2dc14        0     1                 $d.124
           2dc14            2dc14        4     1                 gRDLastResizeW
           2dc18            2dc18        4     4         /var/folders/5j/mszng5kj02s9smyq132753qr0000gn/T/main-d54649.o:(.bss.gRDLastResizeH)
           2dc18            2dc18        0     1                 $d.125
           2dc18            2dc18        4     1                 gRDLastResizeH
           2dc1c            2dc1c        4     4         /var/folders/5j/mszng5kj02s9smyq132753qr0000gn/T/main-d54649.o:(.bss.CNFGBGColor)
           2dc1c            2dc1c        0     1                 $d.127
           2dc1c            2dc1c        4     1                 CNFGBGColor
           2dc20            2dc20     1000     4         /var/folders/5j/mszng5kj02s9smyq132753qr0000gn/T/main-d54649.o:(.bss.gsMatricies)
           2dc20            2dc20     1000     1                 gsMatricies
           2dc20            2dc20        0     1                 $d.128
           2ec20            2ec20        8     4         /var/folders/5j/mszng5kj02s9smyq132753qr0000gn/T/main-d54649.o:(.bss.gsMPlace)
           2ec20            2ec20        8     1                 gsMPlace
           2ec20            2ec20        0     1                 $d.130
           2ec28            2ec28        4     4         /var/folders/5j/mszng5kj02s9smyq132753qr0000gn/T/main-d54649.o:(.bss.gsMMode)
           2ec28            2ec28        4     1                 gsMMode
           2ec28            2ec28        0     1                 $d.131
           2ec2c            2ec2c        4     4         /var/folders/5j/mszng5kj02s9smyq132753qr0000gn/T/main-d54649.o:(.bss.translateX)
           2ec2c            2ec2c        4     1                 translateX
           2ec2c            2ec2c        0     1                 $d.132
           2ec30            2ec30        4     4         /var/folders/5j/mszng5kj02s9smyq132753qr0000gn/T/main-d54649.o:(.bss.translateY)
           2ec30            2ec30        4     1                 translateY
           2ec30            2ec30        0     1                 $d.133
           2ec34            2ec34        4     4         /var/folders/5j/mszng5kj02s9smyq132753qr0000gn/T/main-d54649.o:(.bss.scaleX)
           2ec34            2ec34        4     1                 scaleX
           2ec34            2ec34        0     1                 $d.134
           2ec38            2ec38        4     4         /var/folders/5j/mszng5kj02s9smyq132753qr0000gn/T/main-d54649.o:(.bss.scaleY)
           2ec38            2ec38        4     1                 scaleY
           2ec38            2ec38        0     1                 $d.135
           2ec40            2ec40        8     8         /var/folders/5j/mszng5kj02s9smyq132753qr0000gn/T/main-d54649.o:(.bss.g_objRootView)
           2ec40            2ec40        0     1                 $d.136
           2ec40            2ec40        8     1                 g_objRootView
           2ec48            2ec48        1     4         /var/folders/5j/mszng5kj02s9smyq132753qr0000gn/T/main-d54649.o:(.bss.no_sensor_for_gyro)
           2ec48            2ec48        0     1                 $d.137
           2ec48            2ec48        1     1                 no_sensor_for_gyro
           2ec50            2ec50        8     8         /var/folders/5j/mszng5kj02s9smyq132753qr0000gn/T/main-d54649.o:(.bss.sm)
           2ec50            2ec50        0     1                 $d.141
           2ec50            2ec50        8     1                 sm
           2ec58            2ec58        8     8         /var/folders/5j/mszng5kj02s9smyq132753qr0000gn/T/main-d54649.o:(.bss.as)
           2ec58            2ec58        0     1                 $d.142
           2ec58            2ec58        8     1                 as
           2ec60            2ec60        8     8         /var/folders/5j/mszng5kj02s9smyq132753qr0000gn/T/main-d54649.o:(.bss.l)
           2ec60            2ec60        0     1                 $d.143
           2ec60            2ec60        8     1                 l
           2ec68            2ec68        8     8         /var/folders/5j/mszng5kj02s9smyq132753qr0000gn/T/main-d54649.o:(.bss.aeq)
           2ec68            2ec68        0     1                 $d.144
           2ec68            2ec68        8     1                 aeq
           2ec70            2ec70        4     4         /var/folders/5j/mszng5kj02s9smyq132753qr0000gn/T/main-d54649.o:(.bss.accx)
           2ec70            2ec70        0     1                 $d.145
           2ec70            2ec70        4     1                 accx
           2ec74            2ec74        4     4         /var/folders/5j/mszng5kj02s9smyq132753qr0000gn/T/main-d54649.o:(.bss.accy)
           2ec74            2ec74        0     1                 $d.146
           2ec74            2ec74        4     1                 accy
           2ec78            2ec78        4     4         /var/folders/5j/mszng5kj02s9smyq132753qr0000gn/T/main-d54649.o:(.bss.accz)
           2ec78            2ec78        0     1                 $d.147
           2ec78            2ec78        4     1                 accz
           2ec7c            2ec7c        4     4         /var/folders/5j/mszng5kj02s9smyq132753qr0000gn/T/main-d54649.o:(.bss.mountainangle)
           2ec7c            2ec7c        0     1                 $d.148
           2ec7c            2ec7c        4     1                 mountainangle
           2ec80            2ec80        4     4         /var/folders/5j/mszng5kj02s9smyq132753qr0000gn/T/main-d54649.o:(.bss.mountainoffsety)
           2ec80            2ec80        0     1                 $d.149
           2ec80            2ec80        4     1                 mountainoffsety
           2ec84            2ec84        4     4         /var/folders/5j/mszng5kj02s9smyq132753qr0000gn/T/main-d54649.o:(.bss.mountainoffsetx)
           2ec84            2ec84        0     1                 $d.150
           2ec84            2ec84        4     1                 mountainoffsetx
           2ec88            2ec88        4     4         /var/folders/5j/mszng5kj02s9smyq132753qr0000gn/T/main-d54649.o:(.bss.accs)
           2ec88            2ec88        0     1                 $d.151
           2ec88            2ec88        4     1                 accs
           2ec8c            2ec8c        4     4         /var/folders/5j/mszng5kj02s9smyq132753qr0000gn/T/main-d54649.o:(.bss.frames)
           2ec8c            2ec8c        0     1                 $d.152
           2ec8c            2ec8c        4     1                 frames
           2ec90            2ec90        8     8         /var/folders/5j/mszng5kj02s9smyq132753qr0000gn/T/main-d54649.o:(.bss.iframeno)
           2ec90            2ec90        0     1                 $d.153
           2ec90            2ec90        8     1                 iframeno
           2ec98            2ec98        4     4         /var/folders/5j/mszng5kj02s9smyq132753qr0000gn/T/main-d54649.o:(.bss.lastbuttonx)
           2ec98            2ec98        0     1                 $d.154
           2ec98            2ec98        4     1                 lastbuttonx
           2ec9c            2ec9c        4     4         /var/folders/5j/mszng5kj02s9smyq132753qr0000gn/T/main-d54649.o:(.bss.lastbuttony)
           2ec9c            2ec9c        0     1                 $d.155
           2ec9c            2ec9c        4     1                 lastbuttony
           2eca0            2eca0        4     4         /var/folders/5j/mszng5kj02s9smyq132753qr0000gn/T/main-d54649.o:(.bss.lastmotionx)
           2eca0            2eca0        0     1                 $d.156
           2eca0            2eca0        4     1                 lastmotionx
           2eca4            2eca4        4     4         /var/folders/5j/mszng5kj02s9smyq132753qr0000gn/T/main-d54649.o:(.bss.lastmotiony)
           2eca4            2eca4        0     1                 $d.157
           2eca4            2eca4        4     1                 lastmotiony
           2eca8            2eca8        4     4         /var/folders/5j/mszng5kj02s9smyq132753qr0000gn/T/main-d54649.o:(.bss.lastbid)
           2eca8            2eca8        0     1                 $d.158
           2eca8            2eca8        4     1                 lastbid
           2ecac            2ecac        4     4         /var/folders/5j/mszng5kj02s9smyq132753qr0000gn/T/main-d54649.o:(.bss.lastmask)
           2ecac            2ecac        0     1                 $d.159
           2ecac            2ecac        4     1                 lastmask
           2ecb0            2ecb0        4     4         /var/folders/5j/mszng5kj02s9smyq132753qr0000gn/T/main-d54649.o:(.bss.lastkey)
           2ecb0            2ecb0        0     1                 $d.160
           2ecb0            2ecb0        4     1                 lastkey
           2ecb4            2ecb4        4     4         /var/folders/5j/mszng5kj02s9smyq132753qr0000gn/T/main-d54649.o:(.bss.lastkeydown)
           2ecb4            2ecb4        0     1                 $d.161
           2ecb4            2ecb4        4     1                 lastkeydown
           2ecb8            2ecb8        4     4         /var/folders/5j/mszng5kj02s9smyq132753qr0000gn/T/main-d54649.o:(.bss.keyboard_up)
           2ecb8            2ecb8        4     1                 keyboard_up
           2ecb8            2ecb8        0     1                 $d.162
           2ecbc            2ecbc        8     1         /var/folders/5j/mszng5kj02s9smyq132753qr0000gn/T/main-d54649.o:(.bss.buttonstate)
           2ecbc            2ecbc        0     1                 $d.163
           2ecbc            2ecbc        8     1                 buttonstate
           2ecc4            2ecc4        2     4         /var/folders/5j/mszng5kj02s9smyq132753qr0000gn/T/main-d54649.o:(.bss.screenx)
           2ecc4            2ecc4        0     1                 $d.165
           2ecc4            2ecc4        2     1                 screenx
           2ecc8            2ecc8        2     4         /var/folders/5j/mszng5kj02s9smyq132753qr0000gn/T/main-d54649.o:(.bss.screeny)
           2ecc8            2ecc8        0     1                 $d.166
           2ecc8            2ecc8        2     1                 screeny
           2eccc            2eccc    19a10     4         /var/folders/5j/mszng5kj02s9smyq132753qr0000gn/T/main-d54649.o:(.bss.Heightmap)
           2eccc            2eccc        0     1                 $d.167
           2eccc            2eccc    19a10     1                 Heightmap
           486dc            486dc        4     4         /var/folders/5j/mszng5kj02s9smyq132753qr0000gn/T/main-d54649.o:(.bss.suspended)
           486dc            486dc        0     1                 $d.168
           486dc            486dc        4     1                 suspended
           486e0            486e0        4     4         /var/folders/5j/mszng5kj02s9smyq132753qr0000gn/T/main-d54649.o:(.bss.CheckWebView.runno)
           486e0            486e0        4     1                 CheckWebView.runno
           486e0            486e0        0     1                 $d.169
           486e8            486e8        8     8         /var/folders/5j/mszng5kj02s9smyq132753qr0000gn/T/main-d54649.o:(.bss.g_attachLooper)
           486e8            486e8        0     1                 $d.170
           486e8            486e8        8     1                 g_attachLooper
           486f0            486f0       80     1         /var/folders/5j/mszng5kj02s9smyq132753qr0000gn/T/main-d54649.o:(.bss.fromJSBuffer)
           486f0            486f0        0     1                 $d.171
           486f0            486f0       80     1                 fromJSBuffer
           48770            48770        8     8         /var/folders/5j/mszng5kj02s9smyq132753qr0000gn/T/main-d54649.o:(.bss.jsthread)
           48770            48770        0     1                 $d.172
           48770            48770        8     1                 jsthread
           48778            48778        8     8         /var/folders/5j/mszng5kj02s9smyq132753qr0000gn/T/main-d54649.o:(.bss.HandleWindowTermination)
           48778            48778        0     1                 $d.173
           48778            48778        8     1                 HandleWindowTermination
           48780            48780       30     8         /var/folders/5j/mszng5kj02s9smyq132753qr0000gn/T/main-d54649.o:(.bss.MyWebView)
           48780            48780        0     1                 $d.174
           48780            48780       30     1                 MyWebView
           487b0            487b0    40000     4         /var/folders/5j/mszng5kj02s9smyq132753qr0000gn/T/main-d54649.o:(.bss.randomtexturedata)
           487b0            487b0        0     1                 $d.175
           487b0            487b0    40000     1                 randomtexturedata
           887b0            887b0    f4240     4         /var/folders/5j/mszng5kj02s9smyq132753qr0000gn/T/main-d54649.o:(.bss.webviewdata)
           887b0            887b0        0     1                 $d.176
           887b0            887b0    f4240     1                 webviewdata
          17c9f0           17c9f0        8     8         /var/folders/5j/mszng5kj02s9smyq132753qr0000gn/T/android_native_app_glue-a7212d.o:(.bss.gapp)
          17c9f0           17c9f0        0     1                 $d.32
          17c9f0           17c9f0        8     1                 gapp
          17c9f8           17c9f8        8     8         /var/folders/5j/mszng5kj02s9smyq132753qr0000gn/T/android_native_app_glue-a7212d.o:(.bss.debug_capture_thread)
          17c9f8           17c9f8        0     1                 $d.33
          17c9f8           17c9f8        8     1                 debug_capture_thread
          17ca00           17ca00        8     4         /var/folders/5j/mszng5kj02s9smyq132753qr0000gn/T/android_native_app_glue-a7212d.o:(.bss.pfd)
          17ca00           17ca00        8     1                 pfd
          17ca00           17ca00        0     1                 $d.34
               0                0       b1     1 .comment
               0                0       b1     1         <internal>:(.comment)
               0                0       d8     1 .shstrtab
               0                0       d8     1         <internal>:(.shstrtab)
